error: proc macro panicked
  --> $DIR/snake_cased_fields_on_input_object_types.rs:4:1
   |
4  | / graphql_schema! {
5  | |     type Query {
6  | |         field: String!
7  | |     }
...  |
13 | |     }
14 | | }
   | |_^
   |
   = help: message: 
           
           [91merror[0m: Field names must be camelCase, not snake_case
            --> schema:2:3
             |
           2 |    { snake_cased : String ! }
             |      [91m^[0m
           
           This is because Juniper always converts all field names to camelCase
           
           
           aborting due to previous error
           

error: Could not compile `juniper-from-schema-tests`.
