error: proc macro panicked
  --> $DIR/unknown_directive.rs:4:1
   |
4  | / juniper_from_schema::graphql_schema! {
5  | |     type Query {
6  | |         string: String! @someDirectiveThatIsntNotSupported
7  | |     }
8  | |
9  | |     schema { query: Query }
10 | | }
   | |_^
   |
   = help: message: 
           
           [91merror[0m: Unknown directive
            --> schema:1:32
             |
           1 |    type Query { string : String ! @ someDirectiveThatIsntNotSupported } schema
             |                                   [91m^[0m
           
           Did you mean: `@deprecated`, `@juniper(ownership: "owned")`?
           
           
           aborting due to previous error
           

error: could not compile `juniper-from-schema-tests`.
